{
	"all":{"accidentally_save_file.gif", "blocked_us.png", "carlton_pls.jpg", "component.css", "default.css", "grid.js", "lemur_pudding_cups.jpg", "modernizr.custom.js", "page.html", "page.template", "spooning_a_barret.png", "whats_in_the_case.gif"},
	"files":{"accidentally_save_file.gif", "blocked_us.png", "carlton_pls.jpg", "component.css", "default.css", "grid.js", "lemur_pudding_cups.jpg", "modernizr.custom.js", "page.html", "page.template", "spooning_a_barret.png", "whats_in_the_case.gif"},
	"dirs":{}
}